[INFO] Scanning for projects...
[INFO] 
[INFO] ------------------------< com.kabj:sistema-ot >-------------------------
[INFO] Building  0.0.1-SNAPSHOT
[INFO]   from pom.xml
[INFO] --------------------------------[ jar ]---------------------------------
[INFO] 
[INFO] >>> spring-boot:3.5.14:run (default-cli) > test-compile @ sistema-ot >>>
[INFO] 
[INFO] --- resources:3.3.1:resources (default-resources) @ sistema-ot ---
[INFO] Copying 1 resource from src\main\resources to target\classes
[INFO] Copying 1 resource from src\main\resources to target\classes
[INFO] 
[INFO] --- compiler:3.14.1:compile (default-compile) @ sistema-ot ---
[INFO] Nothing to compile - all classes are up to date.
[INFO] 
[INFO] --- resources:3.3.1:testResources (default-testResources) @ sistema-ot ---
[INFO] Copying 1 resource from src\test\resources to target\test-classes
[INFO] 
[INFO] --- compiler:3.14.1:testCompile (default-testCompile) @ sistema-ot ---
[INFO] Nothing to compile - all classes are up to date.
[INFO] 
[INFO] <<< spring-boot:3.5.14:run (default-cli) < test-compile @ sistema-ot <<<
[INFO] 
[INFO] 
[INFO] --- spring-boot:3.5.14:run (default-cli) @ sistema-ot ---
[INFO] Attaching agents: []

  .   ____          _            __ _ _
 /\\ / ___'_ __ _ _(_)_ __  __ _ \ \ \ \
( ( )\___ | '_ | '_| | '_ \/ _` | \ \ \ \
 \\/  ___)| |_)| | | | | || (_| |  ) ) ) )
  '  |____| .__|_| |_|_| |_\__, | / / / /
 =========|_|==============|___/=/_/_/_/

 :: Spring Boot ::               (v3.5.14)

2026-05-22T16:44:58.593-05:00  INFO 17060 --- [sistema-ot] [  restartedMain] c.kabj.sistema_ot.SistemaOtApplication   : Starting SistemaOtApplication using Java 25.0.3 with PID 17060 (C:\Users\W11\Documents\GitHub\pwa-gestion-ordenes-trabajo\backend\sistema-ot\target\classes started by W11 in C:\Users\W11\Documents\GitHub\pwa-gestion-ordenes-trabajo\backend\sistema-ot)
2026-05-22T16:44:58.596-05:00  INFO 17060 --- [sistema-ot] [  restartedMain] c.kabj.sistema_ot.SistemaOtApplication   : No active profile set, falling back to 1 default profile: "default"
2026-05-22T16:44:58.624-05:00  INFO 17060 --- [sistema-ot] [  restartedMain] .e.DevToolsPropertyDefaultsPostProcessor : Devtools property defaults active! Set 'spring.devtools.add-properties' to 'false' to disable
2026-05-22T16:44:58.624-05:00  INFO 17060 --- [sistema-ot] [  restartedMain] .e.DevToolsPropertyDefaultsPostProcessor : For additional web related logging consider setting the 'logging.level.web' property to 'DEBUG'
2026-05-22T16:44:59.087-05:00  INFO 17060 --- [sistema-ot] [  restartedMain] .s.d.r.c.RepositoryConfigurationDelegate : Bootstrapping Spring Data JPA repositories in DEFAULT mode.
2026-05-22T16:44:59.151-05:00  INFO 17060 --- [sistema-ot] [  restartedMain] .s.d.r.c.RepositoryConfigurationDelegate : Finished Spring Data repository scanning in 59 ms. Found 18 JPA repository interfaces.
2026-05-22T16:44:59.535-05:00  INFO 17060 --- [sistema-ot] [  restartedMain] o.s.b.w.embedded.tomcat.TomcatWebServer  : Tomcat initialized with port 8080 (http)
2026-05-22T16:44:59.544-05:00  INFO 17060 --- [sistema-ot] [  restartedMain] o.apache.catalina.core.StandardService   : Starting service [Tomcat]
2026-05-22T16:44:59.544-05:00  INFO 17060 --- [sistema-ot] [  restartedMain] o.apache.catalina.core.StandardEngine    : Starting Servlet engine: [Apache Tomcat/10.1.54]
2026-05-22T16:44:59.572-05:00  INFO 17060 --- [sistema-ot] [  restartedMain] o.a.c.c.C.[Tomcat].[localhost].[/]       : Initializing Spring embedded WebApplicationContext
2026-05-22T16:44:59.572-05:00  INFO 17060 --- [sistema-ot] [  restartedMain] w.s.c.ServletWebServerApplicationContext : Root WebApplicationContext: initialization completed in 948 ms
2026-05-22T16:44:59.665-05:00  INFO 17060 --- [sistema-ot] [  restartedMain] o.hibernate.jpa.internal.util.LogHelper  : HHH000204: Processing PersistenceUnitInfo [name: default]
2026-05-22T16:44:59.692-05:00  INFO 17060 --- [sistema-ot] [  restartedMain] org.hibernate.Version                    : HHH000412: Hibernate ORM core version 6.6.49.Final
2026-05-22T16:44:59.710-05:00  INFO 17060 --- [sistema-ot] [  restartedMain] o.h.c.internal.RegionFactoryInitiator    : HHH000026: Second-level cache disabled
2026-05-22T16:44:59.874-05:00  INFO 17060 --- [sistema-ot] [  restartedMain] o.s.o.j.p.SpringPersistenceUnitInfo      : No LoadTimeWeaver setup: ignoring JPA class transformer
2026-05-22T16:44:59.890-05:00  INFO 17060 --- [sistema-ot] [  restartedMain] com.zaxxer.hikari.HikariDataSource       : HikariPool-1 - Starting...
2026-05-22T16:44:59.994-05:00  INFO 17060 --- [sistema-ot] [  restartedMain] com.zaxxer.hikari.pool.HikariPool        : HikariPool-1 - Added connection org.postgresql.jdbc.PgConnection@44ad6186
2026-05-22T16:44:59.995-05:00  INFO 17060 --- [sistema-ot] [  restartedMain] com.zaxxer.hikari.HikariDataSource       : HikariPool-1 - Start completed.
2026-05-22T16:45:00.016-05:00  WARN 17060 --- [sistema-ot] [  restartedMain] org.hibernate.orm.deprecation            : HHH90000025: PostgreSQLDialect does not need to be specified explicitly using 'hibernate.dialect' (remove the property setting and it will be selected by default)
2026-05-22T16:45:00.026-05:00  INFO 17060 --- [sistema-ot] [  restartedMain] org.hibernate.orm.connections.pooling    : HHH10001005: Database info:
	Database JDBC URL [Connecting through datasource 'HikariDataSource (HikariPool-1)']
	Database driver: undefined/unknown
	Database version: 18.3
	Autocommit mode: undefined/unknown
	Isolation level: undefined/unknown
	Minimum pool size: undefined/unknown
	Maximum pool size: undefined/unknown
2026-05-22T16:45:00.759-05:00  INFO 17060 --- [sistema-ot] [  restartedMain] o.h.e.t.j.p.i.JtaPlatformInitiator       : HHH000489: No JTA platform available (set 'hibernate.transaction.jta.platform' to enable JTA platform integration)
2026-05-22T16:45:00.992-05:00  INFO 17060 --- [sistema-ot] [  restartedMain] j.LocalContainerEntityManagerFactoryBean : Initialized JPA EntityManagerFactory for persistence unit 'default'
2026-05-22T16:45:01.162-05:00  INFO 17060 --- [sistema-ot] [  restartedMain] o.s.d.j.r.query.QueryEnhancerFactory     : Hibernate is in classpath; If applicable, HQL parser will be used.
2026-05-22T16:45:01.905-05:00  WARN 17060 --- [sistema-ot] [  restartedMain] JpaBaseConfiguration$JpaWebConfiguration : spring.jpa.open-in-view is enabled by default. Therefore, database queries may be performed during view rendering. Explicitly configure spring.jpa.open-in-view to disable this warning
2026-05-22T16:45:02.271-05:00  INFO 17060 --- [sistema-ot] [  restartedMain] o.s.b.d.a.OptionalLiveReloadServer       : LiveReload server is running on port 35729
2026-05-22T16:45:02.295-05:00  INFO 17060 --- [sistema-ot] [  restartedMain] o.s.b.w.embedded.tomcat.TomcatWebServer  : Tomcat started on port 8080 (http) with context path '/'
2026-05-22T16:45:02.303-05:00  INFO 17060 --- [sistema-ot] [  restartedMain] c.kabj.sistema_ot.SistemaOtApplication   : Started SistemaOtApplication in 3.956 seconds (process running for 4.229)
2026-05-22T16:45:10.998-05:00  INFO 17060 --- [sistema-ot] [nio-8080-exec-2] o.a.c.c.C.[Tomcat].[localhost].[/]       : Initializing Spring DispatcherServlet 'dispatcherServlet'
2026-05-22T16:45:10.998-05:00  INFO 17060 --- [sistema-ot] [nio-8080-exec-2] o.s.web.servlet.DispatcherServlet        : Initializing Servlet 'dispatcherServlet'
2026-05-22T16:45:11.000-05:00  INFO 17060 --- [sistema-ot] [nio-8080-exec-2] o.s.web.servlet.DispatcherServlet        : Completed initialization in 1 ms
2026-05-22T16:53:40.638-05:00  INFO 17060 --- [sistema-ot] [nio-8080-exec-3] c.k.s.controller.RegistroController      : Registro OT-120 | tipo=Purgado en Redes / Purgado en redes secundarias | PENDIENTE → OBSERVADA
