[INFO] Scanning for projects...
[INFO] 
[INFO] ------------------------< com.kabj:sistema-ot >-------------------------
[INFO] Building  0.0.1-SNAPSHOT
[INFO]   from pom.xml
[INFO] --------------------------------[ jar ]---------------------------------
[INFO] 
[INFO] >>> spring-boot:3.5.14:run (default-cli) > test-compile @ sistema-ot >>>
[INFO] 
[INFO] --- resources:3.3.1:resources (default-resources) @ sistema-ot ---
[INFO] Copying 1 resource from src\main\resources to target\classes
[INFO] Copying 1 resource from src\main\resources to target\classes
[INFO] 
[INFO] --- compiler:3.14.1:compile (default-compile) @ sistema-ot ---
[INFO] Recompiling the module because of added or removed source files.
[INFO] Compiling 49 source files with javac [debug parameters release 21] to target\classes
WARNING: A terminally deprecated method in sun.misc.Unsafe has been called
WARNING: sun.misc.Unsafe::objectFieldOffset has been called by lombok.permit.Permit
WARNING: Please consider reporting this to the maintainers of class lombok.permit.Permit
WARNING: sun.misc.Unsafe::objectFieldOffset will be removed in a future release
[INFO] /c:/Users/Marden/Downloads/pwa-gestion-ordenes-trabajo/backend/sistema-ot/src/main/java/com/kabj/sistema_ot/controller/ReporteController.java: c:\Users\Marden\Downloads\pwa-gestion-ordenes-trabajo\backend\sistema-ot\src\main\java\com\kabj\sistema_ot\controller\ReporteController.java uses unchecked or unsafe operations.
[INFO] /c:/Users/Marden/Downloads/pwa-gestion-ordenes-trabajo/backend/sistema-ot/src/main/java/com/kabj/sistema_ot/controller/ReporteController.java: Recompile with -Xlint:unchecked for details.
[INFO] 
[INFO] --- resources:3.3.1:testResources (default-testResources) @ sistema-ot ---
[INFO] skip non existing resourceDirectory c:\Users\Marden\Downloads\pwa-gestion-ordenes-trabajo\backend\sistema-ot\src\test\resources
[INFO] 
[INFO] --- compiler:3.14.1:testCompile (default-testCompile) @ sistema-ot ---
[INFO] Recompiling the module because of changed dependency.
[INFO] Compiling 1 source file with javac [debug parameters release 21] to target\test-classes
[INFO] 
[INFO] <<< spring-boot:3.5.14:run (default-cli) < test-compile @ sistema-ot <<<
[INFO] 
[INFO] 
[INFO] --- spring-boot:3.5.14:run (default-cli) @ sistema-ot ---
[INFO] Attaching agents: []

  .   ____          _            __ _ _
 /\\ / ___'_ __ _ _(_)_ __  __ _ \ \ \ \
( ( )\___ | '_ | '_| | '_ \/ _` | \ \ \ \
 \\/  ___)| |_)| | | | | || (_| |  ) ) ) )
  '  |____| .__|_| |_|_| |_\__, | / / / /
 =========|_|==============|___/=/_/_/_/

 :: Spring Boot ::               (v3.5.14)

2026-05-16T01:15:42.141-05:00  INFO 12588 --- [sistema-ot] [  restartedMain] c.kabj.sistema_ot.SistemaOtApplication   : Starting SistemaOtApplication using Java 26 with PID 12588 (c:\Users\Marden\Downloads\pwa-gestion-ordenes-trabajo\backend\sistema-ot\target\classes started by Marden in c:\Users\Marden\Downloads\pwa-gestion-ordenes-trabajo\backend\sistema-ot)
2026-05-16T01:15:42.145-05:00  INFO 12588 --- [sistema-ot] [  restartedMain] c.kabj.sistema_ot.SistemaOtApplication   : No active profile set, falling back to 1 default profile: "default"
2026-05-16T01:15:42.222-05:00  INFO 12588 --- [sistema-ot] [  restartedMain] .e.DevToolsPropertyDefaultsPostProcessor : Devtools property defaults active! Set 'spring.devtools.add-properties' to 'false' to disable
2026-05-16T01:15:42.222-05:00  INFO 12588 --- [sistema-ot] [  restartedMain] .e.DevToolsPropertyDefaultsPostProcessor : For additional web related logging consider setting the 'logging.level.web' property to 'DEBUG'
2026-05-16T01:15:43.356-05:00  INFO 12588 --- [sistema-ot] [  restartedMain] .s.d.r.c.RepositoryConfigurationDelegate : Bootstrapping Spring Data JPA repositories in DEFAULT mode.
2026-05-16T01:15:43.475-05:00  INFO 12588 --- [sistema-ot] [  restartedMain] .s.d.r.c.RepositoryConfigurationDelegate : Finished Spring Data repository scanning in 106 ms. Found 7 JPA repository interfaces.
2026-05-16T01:15:44.408-05:00  INFO 12588 --- [sistema-ot] [  restartedMain] o.s.b.w.embedded.tomcat.TomcatWebServer  : Tomcat initialized with port 8080 (http)
2026-05-16T01:15:44.432-05:00  INFO 12588 --- [sistema-ot] [  restartedMain] o.apache.catalina.core.StandardService   : Starting service [Tomcat]
2026-05-16T01:15:44.433-05:00  INFO 12588 --- [sistema-ot] [  restartedMain] o.apache.catalina.core.StandardEngine    : Starting Servlet engine: [Apache Tomcat/10.1.54]
2026-05-16T01:15:44.506-05:00  INFO 12588 --- [sistema-ot] [  restartedMain] o.a.c.c.C.[Tomcat].[localhost].[/]       : Initializing Spring embedded WebApplicationContext
2026-05-16T01:15:44.506-05:00  INFO 12588 --- [sistema-ot] [  restartedMain] w.s.c.ServletWebServerApplicationContext : Root WebApplicationContext: initialization completed in 2283 ms
2026-05-16T01:15:44.712-05:00  INFO 12588 --- [sistema-ot] [  restartedMain] o.hibernate.jpa.internal.util.LogHelper  : HHH000204: Processing PersistenceUnitInfo [name: default]
2026-05-16T01:15:44.803-05:00  INFO 12588 --- [sistema-ot] [  restartedMain] org.hibernate.Version                    : HHH000412: Hibernate ORM core version 6.6.49.Final
2026-05-16T01:15:44.856-05:00  INFO 12588 --- [sistema-ot] [  restartedMain] o.h.c.internal.RegionFactoryInitiator    : HHH000026: Second-level cache disabled
2026-05-16T01:15:45.306-05:00  INFO 12588 --- [sistema-ot] [  restartedMain] o.s.o.j.p.SpringPersistenceUnitInfo      : No LoadTimeWeaver setup: ignoring JPA class transformer
2026-05-16T01:15:45.353-05:00  INFO 12588 --- [sistema-ot] [  restartedMain] com.zaxxer.hikari.HikariDataSource       : HikariPool-1 - Starting...
2026-05-16T01:15:45.656-05:00  INFO 12588 --- [sistema-ot] [  restartedMain] com.zaxxer.hikari.pool.HikariPool        : HikariPool-1 - Added connection com.mysql.cj.jdbc.ConnectionImpl@f5a5c1f
2026-05-16T01:15:45.659-05:00  INFO 12588 --- [sistema-ot] [  restartedMain] com.zaxxer.hikari.HikariDataSource       : HikariPool-1 - Start completed.
2026-05-16T01:15:45.796-05:00  INFO 12588 --- [sistema-ot] [  restartedMain] org.hibernate.orm.connections.pooling    : HHH10001005: Database info:
	Database JDBC URL [Connecting through datasource 'HikariDataSource (HikariPool-1)']
	Database driver: undefined/unknown
	Database version: 8.0.46
	Autocommit mode: undefined/unknown
	Isolation level: undefined/unknown
	Minimum pool size: undefined/unknown
	Maximum pool size: undefined/unknown
2026-05-16T01:15:47.269-05:00  INFO 12588 --- [sistema-ot] [  restartedMain] o.h.e.t.j.p.i.JtaPlatformInitiator       : HHH000489: No JTA platform available (set 'hibernate.transaction.jta.platform' to enable JTA platform integration)
2026-05-16T01:15:47.624-05:00  INFO 12588 --- [sistema-ot] [  restartedMain] j.LocalContainerEntityManagerFactoryBean : Initialized JPA EntityManagerFactory for persistence unit 'default'
2026-05-16T01:15:48.062-05:00  INFO 12588 --- [sistema-ot] [  restartedMain] o.s.d.j.r.query.QueryEnhancerFactory     : Hibernate is in classpath; If applicable, HQL parser will be used.
2026-05-16T01:15:49.024-05:00  WARN 12588 --- [sistema-ot] [  restartedMain] JpaBaseConfiguration$JpaWebConfiguration : spring.jpa.open-in-view is enabled by default. Therefore, database queries may be performed during view rendering. Explicitly configure spring.jpa.open-in-view to disable this warning
2026-05-16T01:15:49.883-05:00  INFO 12588 --- [sistema-ot] [  restartedMain] o.s.b.d.a.OptionalLiveReloadServer       : LiveReload server is running on port 35729
2026-05-16T01:15:49.952-05:00  INFO 12588 --- [sistema-ot] [  restartedMain] o.s.b.w.embedded.tomcat.TomcatWebServer  : Tomcat started on port 8080 (http) with context path '/'
2026-05-16T01:15:49.962-05:00  INFO 12588 --- [sistema-ot] [  restartedMain] c.kabj.sistema_ot.SistemaOtApplication   : Started SistemaOtApplication in 8.43 seconds (process running for 9.149)
2026-05-16T01:18:27.252-05:00  INFO 12588 --- [sistema-ot] [nio-8080-exec-1] o.a.c.c.C.[Tomcat].[localhost].[/]       : Initializing Spring DispatcherServlet 'dispatcherServlet'
2026-05-16T01:18:27.252-05:00  INFO 12588 --- [sistema-ot] [nio-8080-exec-1] o.s.web.servlet.DispatcherServlet        : Initializing Servlet 'dispatcherServlet'
2026-05-16T01:18:27.254-05:00  INFO 12588 --- [sistema-ot] [nio-8080-exec-1] o.s.web.servlet.DispatcherServlet        : Completed initialization in 2 ms
2026-05-16T01:20:10.174-05:00  WARN 12588 --- [sistema-ot] [nio-8080-exec-2] .m.m.a.ExceptionHandlerExceptionResolver : Resolved [com.kabj.sistema_ot.exception.AuthException: Credenciales incorrectas]

c:\Users\Marden\Downloads\pwa-gestion-ordenes-trabajo\backend\sistema-ot>